version: 1
project:
    name: <PROJECT_NAME>
    slug: <PROJECT_NAME>
    runtime: go
    memory:
        accepted_note_globs:
            - Projects/<PROJECT_NAME>.md
            - Projects/<PROJECT_TITLE>/**
            - Resources/Captures/**/<PROJECT_NAME>*.md
session:
    require_task: true
    single_active: true
    active_file: .brain/session.json
    ledger_dir: .brain/sessions
preflight:
    require_brain_doctor: true
    required_docs:
        - AGENTS.md
        - .brain/context/overview.md
        - .brain/context/workflows.md
        - .brain/context/memory-policy.md
    suggested_commands:
        - brain find <PROJECT_NAME>
        - brain search "<PROJECT_NAME> {task}"
closeout:
    acceptable_history_operations:
        - create
        - update
        - move
        - rename
        - publish
        - seed
    require_memory_update_on_repo_change: true
    require_reindex_after_note_updates: true
    verification_profiles:
        - name: tests
          commands:
            - go test ./...
        - name: build
          commands:
            - go build ./...
