{
  "id": "Resources/golden-note.md",
  "title": "Golden Note",
  "path": "Resources/golden-note.md",
  "type": "resource",
  "metadata": {
    "created": "<TIME>",
    "title": "Golden Note",
    "type": "resource",
    "updated": "<TIME>"
  },
  "content": "# Golden Note\n\nLexical and semantic retrieval both matter.\n"
}
