[
  {
    "agent": "custom",
    "scope": "custom",
    "root": "<ROOT>/custom-skills",
    "path": "<ROOT>/custom-skills/brain"
  },
  {
    "agent": "codex",
    "scope": "global",
    "root": "<ROOT>/home/.codex/skills",
    "path": "<ROOT>/home/.codex/skills/brain"
  },
  {
    "agent": "codex",
    "scope": "local",
    "root": "<ROOT>/project/.codex/skills",
    "path": "<ROOT>/project/.codex/skills/brain"
  }
]
